[batch 0] offset=0 size=32 remaining=28794s
✅ libp2p already installed
⚠️ Failed to install ipfs_accelerate_py from git main: Running command git clone --filter=blob:none --quiet https://github.com/endomorphosis/ipfs_accelerate_py.git /tmp/pip-install-_kty2f87/ipfs-accelerate-py_d0c91aa8d6d44ebdbddb9aede5a455b8
  Running command git submodule update --init --recursive -q
  fatal: write error: No space left on device
  fatal: fetch-pack: invalid index-pack output
  fatal: clone of 'https://github.com/huggingface/transformers.git' into submodule path '/tmp/pip-install-_kty2f87/ipfs-accelerate-py_d0c91aa8d6d44ebdbddb9aede5a455b8/test/huggingface_transformers' failed
  Failed to clone 'test/huggingface_transformers'. Retry scheduled
  fatal: write error: No space left on device
  fatal: fetch-pack: invalid index-pack output
  fatal: clone of 'https://github.com/huggingface/transformers.git' into submodule path '/tmp/pip-install-_kty2f87/ipfs-accelerate-py_d0c91aa8d6d44ebdbddb9aede5a455b8/test/huggingface_transformers' failed
  Failed to clone 'test/huggingface_transformers' a second time, aborting
  error: subprocess-exited-with-error
  
  × git submodule update --init --recursive -q did not run successfully.
  │ exit code: 1
  ╰─> No available output.
  
  note: This error originates from a subprocess, and is likely not a problem with pip.
ERROR: Failed to build 'ipfs_accelerate_py' when git submodule update --init --recursive -q
[1/32] synthesizing abby-tts-00ecbcd52b27549deb90: I found Oregon Health Plan Application Assistance. The address is 1108 South West fourth Street, Ontario, Oregon. ZIP code nine seven nine one four. You can call five four one, eight eight nine, seven two seven nine. Eligibility: Ages nineteen to sixty four and low income households. Please confirm details before you go, since service availability can change.
[2/32] synthesizing abby-tts-01649520c88d1f9ef83d: I found Homeless Day Center. The address is 12264 South West Hall Boulevard, Tigard, Oregon. ZIP code nine seven two two three. You can call five zero three, six two four, four six six six. Eligibility: age eighteen and older experiencing homelessness. Please confirm details before you go, since service availability can change.
[3/32] synthesizing abby-tts-0939c4312256a0e777d2: I found Foreclosure Avoidance and Eviction Prevention. The address is 528 Cottage Street North East Suite 1C, Salem, Oregon. ZIP code nine seven three zero one. You can call five zero three, seven seven nine, two six eight zero. Another number is five zero three, seven seven nine, two six eight two. Eligibility is unrestricted. Please confirm details before you go, since service availability can change.
[4/32] synthesizing abby-tts-09d59b2c5ad396126fd7: I found Eugene Service Station. The address is 450 Highway ninety nine North Eugene, Oregon. ZIP code nine seven four zero two. You can call five four one, six eight nine, six seven four seven. Eligibility: Low-income and homeless adults without minor children. Please confirm details before you go, since service availability can change.
[5/32] synthesizing abby-tts-0a7d05b3d7836f38d123: I found Housing Related Coordinated Entry for Veterans. Please confirm details before you go, since service availability can change.
[6/32] synthesizing abby-tts-0b03883e26ae3b6bc7b9: I found Eviction Prevention Assistance. Please confirm details before you go, since service availability can change.
[7/32] synthesizing abby-tts-0c289114ad0aac9416a3: I found Multnomah County Health Department North East Health Center and Dental Clinic Healthy Birth Initiative. The address is 5329 North East Martin Luther King Jr Boulevard, Portland, Oregon. ZIP code nine seven two one one. You can call five zero three, nine eight eight, three three eight seven. Eligibility: Home visiting. Please confirm details before you go, since service availability can change.
[8/32] synthesizing abby-tts-0e8d589b28744abba8f7: I found Behavioral Health Services. The address is 11010 South East Division Street Suite 202, Portland, Oregon. ZIP code nine seven two six six. You can call five zero three, three three five, five nine seven five. Another number is five zero three, three three five, five nine seven four. Eligibility is unrestricted. Please confirm details before you go, since service availability can change.
[9/32] synthesizing abby-tts-0ec06bc1c8075b3678a0: I found Southern Oregon Head Start Listo Family Literacy Program Medford Listo Family Literacy Program. The address is 1001 Beall Lane, Central Point, Oregon. ZIP code nine seven five zero two. There may be more locations in the service details. You can call five four one, seven three four, five one five zero. Another number is five zero three, nine nine two, zero zero seven eight. Eligibility: Low-income Spanish-speaking women and their children, ages 6 weeks-5 years. Unrestricted. Please confirm details before you go, since service availability can change.
[10/32] synthesizing abby-tts-11cebaed56a602bd55f3: I can help. What city are you in, and what kind of help do you need most?
[11/32] synthesizing abby-tts-149582736753867e2d2f: I found Low-Cost Housing Properties. You can call five zero three, six five five, eight five seven five. Eligibility: Low-income families, older adults, and people with special needs. Please confirm details before you go, since service availability can change.
[12/32] synthesizing abby-tts-15dbdbbc1eac96add805: I found Mental Health Services. The address is 1580 Valley River Drive Suite 290, Eugene, Oregon. ZIP code nine seven four zero one. You can call five four one, nine zero four, five two one six. Another number is five four one, five two seven, four three four seven. Eligibility is unrestricted. Please confirm details before you go, since service availability can change.
[13/32] synthesizing abby-tts-17f807fb1c60639be461: I found Eugene Water and Electric Board. The address is 4200 Roosevelt Boulevard, Eugene, Oregon. ZIP code nine seven four zero two. There may be more locations in the service details. You can call five four one, six eight five, seven zero zero zero. Another number is five zero three, eight two three, seven seven seven zero. Eligibility is unrestricted. Electric and water customers: Unrestricted Customer Care Program: EWEB customers that meet income guidelines. Please confirm details before you go, since service availability can change.
[14/32] synthesizing abby-tts-1a494804a38936e593f1: I found Laundry Products. Please confirm details before you go, since service availability can change.
[15/32] synthesizing abby-tts-1c062d81f8f22b36508f: I found Eviction Prevention. The address is 333 South East two hundred twenty third Avenue Suite 100, Gresham, Oregon. ZIP code nine seven zero three zero. You can call five zero three, six six nine, eight three five zero. Another number is five zero three, two three two, four four four eight. Eligibility: Individuals and families who meet all of the following requirements: Are a resident of Multnomah County Are at substantial risk of experiencing homelessness Are at or below eighty. More eligibility details may be in the service details.
[16/32] synthesizing abby-tts-20966e5268ff20e81352: I found Oregon Department of Human Services CAF Multnomah County Gresham Self-Sufficiency. The address is 635 South East two hundred twenty third Avenue Suite 102, Gresham, Oregon. ZIP code nine seven zero three zero. There may be more locations in the service details. You can call five zero three, six seven three, eight five zero zero. Another number is five four one, eight eight seven, eight four nine five. Eligibility varies by program. Please confirm details before you go, since service availability can change.
[17/32] synthesizing abby-tts-22a29895cca7dbda00cd: I found Jobs Program. The address is 635 South East two hundred twenty third Avenue Suite 102, Gresham, Oregon. ZIP code nine seven zero three zero. You can call five zero three, six seven three, eight five zero zero. Another number is eight three three, six eight five, zero eight four one. Eligibility: Varies by program. Please confirm details before you go, since service availability can change.
[18/32] synthesizing abby-tts-22ac56c7cf666b31c63c: I found City of Eugene Parks and Recreation. The address is 100 West tenth Avenue Suite 321, Eugene, Oregon. ZIP code nine seven four zero one. You can call five four one, six eight two, five three three three. Another number is five four one, six eight two, six eight nine one. Eligibility: unrestricted. More eligibility details may be in the service details.
[19/32] synthesizing abby-tts-2498058a23c23e759bdb: I found Multnomah County Family Shelter Waitlist. Please confirm details before you go, since service availability can change.
[20/32] synthesizing abby-tts-25c6ecfe69ef104f51fb: I found Oregon Department of Veterans' Affairs Statewide Veteran Services Salem Benefits Assistance. The address is 700 Summer Street North East, Salem, Oregon. ZIP code nine seven three zero one. There may be more locations in the service details. You can call eight zero zero, six nine two, nine six six six. Another number is eight zero zero, six nine eight, two four one one. Eligibility: Veterans, dependents and beneficiaries, and survivors. Please confirm details before you go, since service availability can change.
[21/32] synthesizing abby-tts-2864ba919d6534e640e6: I found Child Care for Construction. The address is 1800 South West first Avenue Suite 500, Portland, Oregon. ZIP code nine seven two zero one. You can call five zero three, two zero five, four seven six nine. Eligibility: Construction trade apprentice registered with the State of Oregon Construction journeyworker who has completed a registered apprenticeship in the previous five years and can. More eligibility details may be in the service details.
[22/32] synthesizing abby-tts-29e024b1210069e6e381: I found City of Gresham. The address is 1333 North West Eastman Parkway, Gresham, Oregon. ZIP code nine seven zero three zero. You can call five zero three, six one eight, three zero zero zero. Another number is five zero three, eight two three, three three three three. Eligibility: Residents of City of Gresham. Please confirm details before you go, since service availability can change.
[23/32] synthesizing abby-tts-2e042e7748dd40484f1e: I found Comprehensive Outpatient Substance Use Disorder Treatment. Please confirm details before you go, since service availability can change.
[24/32] synthesizing abby-tts-306e45a003765b39c575: I found Social Security Disability Benefits. The address is 820 South West second Avenue Suite 200, Portland, Oregon. ZIP code nine seven two zero four. You can call five zero three, two two eight, five two two two. Eligibility is unrestricted. anyone seeking social security disability benefits. Please confirm details before you go, since service availability can change.
[25/32] synthesizing abby-tts-310fc1abbad8ad9fe49f: I found Child, Adolescent, and Family Services. The address is 1500 North West Bethany Boulevard Suite 320, Beaverton, Oregon. ZIP code nine seven zero zero six. You can call five zero three, six two six, nine four nine four. Another number is five zero three, five six seven, three two six zero. Eligibility: Ages zero to seventeen. Please confirm details before you go, since service availability can change.
[26/32] synthesizing abby-tts-317b0a10caa73103b8d1: I found Yakima Valley Farm Workers Clinic Salud Medical Center Community Health Services. The address is 10123 South East Market Street, Portland, Oregon. ZIP code nine seven two one six. You can call five zero three, nine eight two, two zero zero zero. Another number is five zero three, two five six, four zero zero zero. Eligibility is unrestricted. Pregnant parents. Please confirm details before you go, since service availability can change.
[27/32] synthesizing abby-tts-34f17e8b5928b5844ee7: I found City of Salem. The address is 440 Church Street South East, Salem, Oregon. ZIP code nine seven three zero one. You can call five zero three, five eight eight, seven two seven two. Eligibility is unrestricted. Please confirm details before you go, since service availability can change.
[28/32] synthesizing abby-tts-38cd61c1fca4e5558b43: I found Daytime Warming Center. The address is 1154 North West A Street, Toledo, Oregon. ZIP code nine seven three nine one. You can call five four one, three three six, two three three nine. Another number is five four one, three three six, two two three nine. Eligibility is unrestricted. Please confirm details before you go, since service availability can change.
[29/32] synthesizing abby-tts-3a7afcffd23748221ccd: I found Daytime Winter Warming Center. The address is 870 Berntzen Road, Eugene, Oregon. ZIP code nine seven four zero two. You can call five four one, six eight two, five five two one. Eligibility is unrestricted. Please confirm details before you go, since service availability can change.
[30/32] synthesizing abby-tts-3b5bbf236fbc3e77251a: I found General Medical Care. The address is 18633 South East Stark Street Suite 401, Portland, Oregon. ZIP code nine seven two three three. You can call five zero three, four eight nine, one seven six zero. Eligibility: Low-income, insured and uninsured adults and children Insurance accepted: CareOregon, Family Care, Oregon Health Plan (OHP Open Card), Healthy Kids, Lifewise, Moda Health, United. More eligibility details may be in the service details.
[31/32] synthesizing abby-tts-4062dd1a053dc987f7ad: This sounds urgent. If you are in immediate danger or need emergency help, call nine one one now. I would hand this to a live agent with your stated need and location so they can help navigate options quickly.
[32/32] synthesizing abby-tts-4563ce8e3d5f95809304: I found Washington County Behavioral Health Hillsboro Recovery Center Civil Commitment Program. The address is 5250 North East Elam Young Parkway, Hillsboro, Oregon. ZIP code nine seven one two four. You can call five zero three, eight four six, four five two eight. Eligibility: Individuals experiencing a mental illness, in immediate danger of harming themselves or others, unable to care for basic needs, or refusing treatment. More eligibility details may be in the service details.
Wrote /home/barberb/211-ai.github.io/docs/211_indextts_precompute_batches/batch-00000-offset-000000.json
Wrote /home/barberb/211-ai.github.io/wallet_interface/ui/public/assets/audio/precomputed/211-dag-indextts/manifest.json
[batch 1] offset=32 size=32 remaining=28068s
✅ libp2p already installed
⚠️ Failed to install ipfs_accelerate_py from git main: Running command git clone --filter=blob:none --quiet https://github.com/endomorphosis/ipfs_accelerate_py.git /tmp/pip-install-szkdogvg/ipfs-accelerate-py_c3242c2933de4300ba39fe7e40276980
  Running command git submodule update --init --recursive -q
  fatal: No url found for submodule path 'ipfs_datasets_py/.tools/ipfs_kit_py/ipfs_accelerate_py' in .gitmodules
  fatal: No url found for submodule path 'ipfs_datasets_py/ipfs_accelerate_py/ipfs_datasets_py' in .gitmodules
  fatal: No url found for submodule path 'ipfs_datasets_py/ipfs_kit_py/ipfs_accelerate_py' in .gitmodules
  fatal: Failed to recurse into submodule path 'ipfs_datasets_py/.tools/ipfs_kit_py'
  fatal: Failed to recurse into submodule path 'ipfs_datasets_py/ipfs_accelerate_py'
  fatal: Failed to recurse into submodule path 'ipfs_datasets_py/ipfs_kit_py'
  fatal: No url found for submodule path 'ipfs_kit_py/ipfs_accelerate_py' in .gitmodules
  fatal: Failed to recurse into submodule path 'ipfs_datasets_py'
  fatal: Failed to recurse into submodule path 'ipfs_kit_py'
  error: subprocess-exited-with-error
  
  × git submodule update --init --recursive -q did not run successfully.
  │ exit code: 1
  ╰─> No available output.
  
  note: This error originates from a subprocess, and is likely not a problem with pip.
ERROR: Failed to build 'ipfs_accelerate_py' when git submodule update --init --recursive -q
[1/32] synthesizing abby-tts-479c4ce8d89e790837b0: I found Youth Era Salem Drop Drop-in Center. The address is 246 State Street, Salem, Oregon. ZIP code nine seven three zero one. There may be more locations in the service details. You can call five four one, five five four, four seven zero zero. Another number is five four one, two six seven, three six three five. Eligibility: Ages six to eighteen. Grades K-12. Please confirm details before you go, since service availability can change.
[2/32] synthesizing abby-tts-498e3500f195b99e4255: I found Clackamas County Sheriff'S Office Clackamas County Transition Center. The address is 2219 Kaen Road, Oregon City, Oregon. ZIP code nine seven zero four five. You can call five zero three, seven two two, six one nine nine. Eligibility: Adults with involvement in the criminal justice system. Please confirm details before you go, since service availability can change.
[3/32] synthesizing abby-tts-4b23fe261786c22c90ae: This is better handled by a person. I can keep this handoff active.
[4/32] synthesizing abby-tts-4bf23cad78b59c7e66aa: I found Native American Rehabilitation Association of the Northwest NARA NW Child and Family Services Gresham Child. The address is 620 North East second Street, Gresham, Oregon. ZIP code nine seven zero three zero. There may be more locations in the service details. You can call five zero three, nine five three, six five nine eight. Another number is five four one, four three five, seven two zero zero. Eligibility: Tribal members of the Confederated Tribes of the Coos, Lower Umpqua and Siuslaw Indians and their widows and widowers. More eligibility details may be in the service details.
[5/32] synthesizing abby-tts-4e099eccaca71382ffa8: I found Southwest Washington two one one Services Now Managed by WA two one one. Please confirm details before you go, since service availability can change.
[6/32] synthesizing abby-tts-5091a777f1657b59e122: I found Oregon State Division of Medical Assistance Programs Oregon Veteran. The address is 500 Summer Street North East E-49 Salem, Oregon. ZIP code nine seven three zero one. There may be more locations in the service details. You can call eight zero zero, six nine nine, nine zero seven five. Another number is five zero three, five nine four, zero eight three seven. Eligibility: Veterans and individuals who cannot pay for dental care and who are age sixty five and older, have a permanent disability, or are medically compromised. More eligibility details may be in the service details.
[7/32] synthesizing abby-tts-57a167ff0c39c104a9ef: I found VA Portland Community Resource and Referral Center. The address is 3630 Aviation Way, Medford, Oregon. ZIP code nine seven five zero four. There may be more locations in the service details. You can call five zero three, eight zero eight, one two five six. Another number is four five eight, four eight eight, one three four zero. Eligibility: Veterans and veteran families who are homeless or at imminent risk of homelessness. More eligibility details may be in the service details.
[8/32] synthesizing abby-tts-5baa37e9f8c91c2e3a8c: I found Extreme Cold Warming Centers. Please confirm details before you go, since service availability can change.
[9/32] synthesizing abby-tts-5f499fb9b7d3741760f5: I found Easterseals Oregon Portland Senior Community Service Employment Program. The address is 237 North East Broadway Street Suite 100, Portland, Oregon. ZIP code nine seven two three two. You can call five zero three, two two two, eight five zero zero. Eligibility: Ages 55 and older, unemployed, and income for the last 6 months must be below one hundred twenty five percent of the federal poverty guidelines. More eligibility details may be in the service details.
[10/32] synthesizing abby-tts-60520c4735d97b270bee: I found Extreme Heat Cooling Centers. Please confirm details before you go, since service availability can change.
[11/32] synthesizing abby-tts-6118062c26140ee52aee: I found two one one info CHILD CARE. Please confirm details before you go, since service availability can change.
[12/32] synthesizing abby-tts-620270332e5fa1bab11b: I found SNAP Replacement Benefits. The address is 500 Summer Street North East E48 Salem, Oregon. ZIP code nine seven three zero one. You can call eight zero zero, six nine nine, nine zero seven five. Eligibility: Households who receive SNAP who lost or disposed of food that was unsafe to eat due to storms, flooding, power outages or fires can request that replacement benefits be issued for. More eligibility details may be in the service details.
[13/32] synthesizing abby-tts-621b6965feb51a0ab935: I found Children Family and Community Connections for Clackamas County. The address is 821 Main Street, Oregon City, Oregon. ZIP code nine seven zero four five. You can call five zero three, six five five, eight eight four zero. Eligibility: Unrestricted, but some programs have specialized target populations, such as public assistance recipients, public housing residents, and individuals involved with the County. More eligibility details may be in the service details.
[14/32] synthesizing abby-tts-62852ac5285acf746bd3: I found How to Use the two one one Search Tool. Please confirm details before you go, since service availability can change.
[15/32] synthesizing abby-tts-62a2d98229b9ce1a959c: I do not have a strong enough local two one one record match to name a provider. I can try again with your city, county, age group, or the specific program type, or you can contact two one one directly for immediate navigation.
[16/32] synthesizing abby-tts-636fa16336fb5a612d98: I found Senior Centers Jefferson County Warm Springs Senior Wellness Center Senior Center. The address is 489 Water Avenue North West, Albany, Oregon. ZIP code nine seven three two one. You can call five four one, five five three, three three one three. Another number is five four one, nine six seven, seven six four seven. Eligibility: Must be an established Meals on Wheels of Linn, Benton, Lincoln participant and meet on of the following: age sixty and older and their spouses age fifty five and older who. More eligibility details may be in the service details.
[17/32] synthesizing abby-tts-6425fbd8caf365c91a87: I found Salem Electric Public Safety Power Shutoffs. The address is 633 seventh Street North West, Salem, Oregon. ZIP code nine seven three zero four, nine zero six eight zero Highway ninety nine North Eugene, Oregon. ZIP code nine seven four zero two. You can call five zero three, three six two, three six zero one. Another number is five four one, six eight eight, eight seven one one. Eligibility is unrestricted. Electric and water customers: Unrestricted Customer Care Program: EWEB customers that meet income guidelines. Please confirm details before you go, since service availability can change.
[18/32] synthesizing abby-tts-68ea597a023e43d69814: I found Pacific University Pacific Eye Clinic Hillsboro Pacific. The address is 222 South East eighth Avenue Suite 110, Hillsboro, Oregon. ZIP code nine seven one two three. There may be more locations in the service details. You can call five zero three, three five two, seven three zero zero. Another number is five four one, four eight one, five four four four. Eligibility is unrestricted. age sixteen and older who meet income guidelines. Please confirm details before you go, since service availability can change.
[19/32] synthesizing abby-tts-6d18cdbf4fb1fe881193: I found Portland General Electric. The address is 121 South West Salmon Street, Portland, Oregon. ZIP code nine seven two zero four. You can call five zero three, two two eight, six three two two. Another number is eight zero zero, five four two, eight eight one eight. Eligibility: Portland General Electric customers. Please confirm details before you go, since service availability can change.
[20/32] synthesizing abby-tts-6f3f7d2b52bc479c6ba3: I found Red Cross Disaster Services. The address is 1174 Progress Avenue Suite 102, Medford, Oregon. ZIP code nine seven five zero four. You can call eight zero zero, seven three three, two seven six seven. Eligibility is unrestricted. Please confirm details before you go, since service availability can change.
[21/32] synthesizing abby-tts-70c69b0bac09a1c1d416: I found Emergency Heat Assistance. The address is 2245 Ashland Street, Ashland, Oregon. ZIP code nine seven five two zero. You can call five four one, four eight eight, six zero zero four. Another number is five four one, four eight eight, five three five seven. Eligibility: Must have a disconnect notice, household must meet income limits, and utility must not be more then one hundred dollars past due. Please confirm details before you go, since service availability can change.
[22/32] synthesizing abby-tts-7189227cd310eef08e03: I found Domestic Violence Survivor Advocacy. The address is 2594 East Barnett Road Suite C, Medford, Oregon. ZIP code nine seven five zero four. You can call five four one, seven seven nine, four three five seven. Another number is five four one, seven seven nine, two three nine three extension two zero nine. Eligibility: Any individual experiencing domestic violence including stalking. Please confirm details before you go, since service availability can change.
[23/32] synthesizing abby-tts-732e6d24772bdca8b90f: I found Multnomah County Eviction Prevention Program. You can call five zero three, two two two, five five five five. Another number is five zero three, two two six, three zero nine nine. Eligibility: Household with any type of eviction notice for non-payment of rent (72 hour, 10 day, 30 day, Court ordered, notice of restitution). Please confirm details before you go, since service availability can change.
[24/32] synthesizing abby-tts-73faf6a7a2af1fcdfc79: I found Diapers. The address is 3050 Game Farm Road, Springfield, Oregon. ZIP code nine seven four seven eight. You can call five four one, two two one, zero eight two four. Eligibility: OHP, WIC, or SNAP recipients. Please confirm details before you go, since service availability can change.
[25/32] synthesizing abby-tts-74e7524d53a796b615d7: I found General Legal Aid. You can call five zero three, five eight one, five two six five. Another number is eight zero zero, three five nine, one eight four five. Eligibility: Income below one hundred twenty five percent of the federal poverty level. Must live in or have a legal issue in Marion or Polk Counties. Please confirm details before you go, since service availability can change.
[26/32] synthesizing abby-tts-7617c7c04150dbf0095b: I found Rent Assistance. The address is 20310 Empire Avenue Suite A100, Bend, Oregon. ZIP code nine seven seven zero one. You can call five four one, five four eight, two three eight zero. Eligibility: All. Please confirm details before you go, since service availability can change.
[27/32] synthesizing abby-tts-775cca8a9d4a50be9d6d: I found Benefits and Services Assistance for Food Stamps and SNAP Recipients. Please confirm details before you go, since service availability can change.
[28/32] synthesizing abby-tts-7760a0d5f57807ffa7e6: I found Virginia Garcia Memorial Health Center Beaverton High School school-based health center. The address is 13000 South West second Street, Beaverton, Oregon. ZIP code nine seven zero zero five. There may be more locations in the service details. You can call five zero three, three five six, three nine eight five. Another number is five four one, seven six three, two seven two five. Eligibility: Low income individuals age eighteen and older. Unrestricted. Please confirm details before you go, since service availability can change.
[29/32] synthesizing abby-tts-78e9d10f8037abae8e3e: I found Internal Revenue Service Oregon Salem Oregon Internal Revenue Service. The address is 1660 Oak Street South East, Salem, Oregon. ZIP code nine seven three zero one. There may be more locations in the service details. You can call eight four four, five four five, five six four zero. Another number is five zero three, two six five, three five zero one. Eligibility is unrestricted. Please confirm details before you go, since service availability can change.
[30/32] synthesizing abby-tts-78f71ee552b2932b09e4: I can search the two one one records, but I need one detail first: what city or county are you in, and what kind of help do you need most today?
[31/32] synthesizing abby-tts-7935ea0ad4613ce2cc2d: I found Transitional Housing and Shelter for Homeless Veterans. Please confirm details before you go, since service availability can change.
[32/32] synthesizing abby-tts-7ae13e0c6c77dee77ed0: I found General Legal Aid. The address is 101 East Broadway Suite 200, Eugene, Oregon. ZIP code nine seven four zero one. You can call five four one, four eight five, one zero one seven, extension one zero zero. Eligibility: Low-income individuals who are at or below one hundred twenty five percent of the federal poverty level. More eligibility details may be in the service details.
Wrote /home/barberb/211-ai.github.io/docs/211_indextts_precompute_batches/batch-00001-offset-000032.json
Wrote /home/barberb/211-ai.github.io/wallet_interface/ui/public/assets/audio/precomputed/211-dag-indextts/manifest.json
[batch 2] offset=64 size=32 remaining=27280s
[1/32] synthesizing abby-tts-7d27b14afe2bb169e43b: I found Dav Transportation Network Portland VA Medical Center. The address is 100 South West Main Street Room 212a Portland, Oregon. ZIP code nine seven two zero four. You can call five zero three, seven two one, seven eight zero four. Another number is five zero three, four one two, four seven five zero. Eligibility: Veterans who have a verifiable appointment at Portland VA Medical Center. Please confirm details before you go, since service availability can change.
[2/32] synthesizing abby-tts-7f30f8ccd186f30b7b6a: I found Helping Hands Resources Clothing Assistance. The address is 1755 thirteenth Street South East, Salem, Oregon. ZIP code nine seven three zero two. You can call five zero three, three six four, nine nine three six. Eligibility is unrestricted. Please confirm details before you go, since service availability can change.
[2/32] failed abby-tts-7f30f8ccd186f30b7b6a: IndexTTS queue failed: {'error': 'You have exceeded your Pro ZeroGPU quota (60s requested vs. 66s left). Try again in 16:23:50. Add credits to keep using ZeroGPU. $1 for 10 minutes of ZeroGPU inference - https://huggingface.co/settings/billing?add-credits=true', 'duration': 10, 'visible': True, 'title': 'ZeroGPU quota exceeded'}
[3/32] synthesizing abby-tts-7fbd528c6465f1f331ed: I found Work Clothing. Please confirm details before you go, since service availability can change.
[3/32] failed abby-tts-7fbd528c6465f1f331ed: IndexTTS queue failed: {'error': 'You have exceeded your Pro ZeroGPU quota (60s requested vs. 66s left). Try again in 16:23:49. Add credits to keep using ZeroGPU. $1 for 10 minutes of ZeroGPU inference - https://huggingface.co/settings/billing?add-credits=true', 'duration': 10, 'visible': True, 'title': 'ZeroGPU quota exceeded'}
[4/32] synthesizing abby-tts-80cf2f04c7729cd958ac: I found Laundry Facilities for Homeless Youth. Please confirm details before you go, since service availability can change.
[4/32] failed abby-tts-80cf2f04c7729cd958ac: IndexTTS queue failed: {'error': 'You have exceeded your Pro ZeroGPU quota (60s requested vs. 66s left). Try again in 16:23:49. Add credits to keep using ZeroGPU. $1 for 10 minutes of ZeroGPU inference - https://huggingface.co/settings/billing?add-credits=true', 'duration': 10, 'visible': True, 'title': 'ZeroGPU quota exceeded'}
[5/32] synthesizing abby-tts-819d25e69e3a4e061703: I found Food Pantry and Meal Locator. Eligibility is unrestricted. Please confirm details before you go, since service availability can change.
[5/32] failed abby-tts-819d25e69e3a4e061703: IndexTTS queue failed: {'error': 'You have exceeded your Pro ZeroGPU quota (60s requested vs. 66s left). Try again in 16:23:48. Add credits to keep using ZeroGPU. $1 for 10 minutes of ZeroGPU inference - https://huggingface.co/settings/billing?add-credits=true', 'duration': 10, 'visible': True, 'title': 'ZeroGPU quota exceeded'}
[6/32] synthesizing abby-tts-81fcb65e7f1727aebee4: I found Daytime Winter Warming Center. The address is 775 South East Tenth Avenue, Hillsboro, Oregon. ZIP code nine seven one two three. You can call five zero six, six one six, six five zero zero. Another number is five zero three, six one five, six five zero zero. Eligibility is unrestricted. Please confirm details before you go, since service availability can change.
[6/32] failed abby-tts-81fcb65e7f1727aebee4: IndexTTS queue failed: {'error': 'You have exceeded your Pro ZeroGPU quota (60s requested vs. 66s left). Try again in 16:23:48. Add credits to keep using ZeroGPU. $1 for 10 minutes of ZeroGPU inference - https://huggingface.co/settings/billing?add-credits=true', 'duration': 10, 'visible': True, 'title': 'ZeroGPU quota exceeded'}
[7/32] synthesizing abby-tts-833be023269dfb877e6a: I found Daytime Winter Warming Center. The address is 15325 North West Central Drive Suite J-8, Portland, Oregon. ZIP code nine seven two two nine. You can call five zero three, six one seven, seven three two three. Eligibility is unrestricted. Please confirm details before you go, since service availability can change.
[7/32] failed abby-tts-833be023269dfb877e6a: IndexTTS queue failed: {'error': 'You have exceeded your Pro ZeroGPU quota (60s requested vs. 66s left). Try again in 16:23:47. Add credits to keep using ZeroGPU. $1 for 10 minutes of ZeroGPU inference - https://huggingface.co/settings/billing?add-credits=true', 'duration': 10, 'visible': True, 'title': 'ZeroGPU quota exceeded'}
[8/32] synthesizing abby-tts-84e8b4e1206f988b33fc: I found Daytime Winter Warming Center. The address is 11200 South West Murray Scholls Place Suite 102, Beaverton, Oregon. ZIP code nine seven zero zero seven. You can call five zero three, six four four, two one nine seven. Eligibility is unrestricted. Please confirm details before you go, since service availability can change.
[8/32] failed abby-tts-84e8b4e1206f988b33fc: IndexTTS queue failed: {'error': 'You have exceeded your Pro ZeroGPU quota (60s requested vs. 66s left). Try again in 16:23:46. Add credits to keep using ZeroGPU. $1 for 10 minutes of ZeroGPU inference - https://huggingface.co/settings/billing?add-credits=true', 'duration': 10, 'visible': True, 'title': 'ZeroGPU quota exceeded'}
[9/32] synthesizing abby-tts-896e1f19d1023d7381dc: I found two one one info CHILD CARE. Eligibility: Parents and caregivers of children up to age eighteen. Please confirm details before you go, since service availability can change.
[9/32] failed abby-tts-896e1f19d1023d7381dc: IndexTTS queue failed: {'error': 'You have exceeded your Pro ZeroGPU quota (60s requested vs. 66s left). Try again in 16:23:46. Add credits to keep using ZeroGPU. $1 for 10 minutes of ZeroGPU inference - https://huggingface.co/settings/billing?add-credits=true', 'duration': 10, 'visible': True, 'title': 'ZeroGPU quota exceeded'}
[10/32] synthesizing abby-tts-8e712abd80bd261f195f: This sounds urgent. If you are in immediate danger, call nine one one. I can connect this to a person.
[10/32] failed abby-tts-8e712abd80bd261f195f: IndexTTS queue failed: {'error': 'You have exceeded your Pro ZeroGPU quota (60s requested vs. 66s left). Try again in 16:23:45. Add credits to keep using ZeroGPU. $1 for 10 minutes of ZeroGPU inference - https://huggingface.co/settings/billing?add-credits=true', 'duration': 10, 'visible': True, 'title': 'ZeroGPU quota exceeded'}
[11/32] synthesizing abby-tts-8e7b654b3b5ac0c0c60b: I found Oregon Reproductive Health Program Clinic. The address is 125 South Central Avenue Suite 201, Medford, Oregon. ZIP code nine seven five zero one. You can call five four one, three four four, nine four one one. Eligibility: Individuals with an income below two hundred fifty percent federal poverty level. Please confirm details before you go, since service availability can change.
[11/32] failed abby-tts-8e7b654b3b5ac0c0c60b: IndexTTS queue failed: {'error': 'You have exceeded your Pro ZeroGPU quota (60s requested vs. 66s left). Try again in 16:23:44. Add credits to keep using ZeroGPU. $1 for 10 minutes of ZeroGPU inference - https://huggingface.co/settings/billing?add-credits=true', 'duration': 10, 'visible': True, 'title': 'ZeroGPU quota exceeded'}
[12/32] synthesizing abby-tts-8f1d6161af2e9a21d53a: I found Union Gospel Mission of Salem Men's Mission Shower Facilities. The address is 4060 West Amazon Drive, Eugene, Oregon. ZIP code nine seven four zero five. You can call five zero three, three six two, three nine eight three. Another number is five four one, three four five, three six two eight. Eligibility: Households experiencing homelessness and at least one child age seventeen and younger in their care. More eligibility details may be in the service details.
[12/32] failed abby-tts-8f1d6161af2e9a21d53a: IndexTTS queue failed: {'error': 'You have exceeded your Pro ZeroGPU quota (60s requested vs. 66s left). Try again in 16:23:44. Add credits to keep using ZeroGPU. $1 for 10 minutes of ZeroGPU inference - https://huggingface.co/settings/billing?add-credits=true', 'duration': 10, 'visible': True, 'title': 'ZeroGPU quota exceeded'}
[13/32] synthesizing abby-tts-90d0e89434194d20c61a: I found Hillsboro Family Shelter. The address is 210 South East twelfth Avenue, Hillsboro, Oregon. ZIP code nine seven one two three. You can call five zero three, six four zero, three two six three. Another number is five zero three, seven two six, zero eight one two. Eligibility: Shelter: Families with minor children and pregnant women. More eligibility details may be in the service details.
[13/32] failed abby-tts-90d0e89434194d20c61a: IndexTTS queue failed: {'error': 'You have exceeded your Pro ZeroGPU quota (60s requested vs. 66s left). Try again in 16:23:43. Add credits to keep using ZeroGPU. $1 for 10 minutes of ZeroGPU inference - https://huggingface.co/settings/billing?add-credits=true', 'duration': 10, 'visible': True, 'title': 'ZeroGPU quota exceeded'}
[14/32] synthesizing abby-tts-9199e2ad31a3772e7fbf: I found City of Medford Parks and Recreation. The address is 701 North Columbus Avenue, Medford, Oregon. ZIP code nine seven five zero one. You can call five four one, seven seven four, two four zero zero. Eligibility is unrestricted. acitivites are for all ages. Offers special programs for Ages three to thirteen. Preschool: Ages three to five. Please confirm details before you go, since service availability can change.
[14/32] failed abby-tts-9199e2ad31a3772e7fbf: IndexTTS queue failed: {'error': 'You have exceeded your Pro ZeroGPU quota (60s requested vs. 66s left). Try again in 16:23:42. Add credits to keep using ZeroGPU. $1 for 10 minutes of ZeroGPU inference - https://huggingface.co/settings/billing?add-credits=true', 'duration': 10, 'visible': True, 'title': 'ZeroGPU quota exceeded'}
[15/32] synthesizing abby-tts-95079b93e1e6201afb14: I found Washington County Behavioral Health Hillsboro Recovery Center. The address is 358 North East Marshall Avenue, Bend, Oregon. ZIP code nine seven seven zero one. You can call five zero three, eight four six, four five two eight. Another number is five four one, five eight five, zero zero zero eight. Eligibility: age eighteen and older. Ages eight to eighteen. Please confirm details before you go, since service availability can change.
[15/32] failed abby-tts-95079b93e1e6201afb14: IndexTTS queue failed: {'error': 'You have exceeded your Pro ZeroGPU quota (60s requested vs. 66s left). Try again in 16:23:42. Add credits to keep using ZeroGPU. $1 for 10 minutes of ZeroGPU inference - https://huggingface.co/settings/billing?add-credits=true', 'duration': 10, 'visible': True, 'title': 'ZeroGPU quota exceeded'}
[16/32] synthesizing abby-tts-995e965e1621b5314d71: I found Centro Cultural of Washington County Centro De Prosperidad Hillsboro Adult Basic Education Job Search and Business Development. The address is 265 South East Oak Street Suite A, Hillsboro, Oregon. ZIP code nine seven one two three. There may be more locations in the service details. You can call five zero three, three six eight, nine eight nine five. Another number is five zero three, nine nine two, zero zero seven eight. Eligibility: Low-income Spanish-speaking women and their children, ages 6 weeks-5 years. Unrestricted. Please confirm details before you go, since service availability can change.
[16/32] failed abby-tts-995e965e1621b5314d71: IndexTTS queue failed: {'error': 'You have exceeded your Pro ZeroGPU quota (60s requested vs. 66s left). Try again in 16:23:41. Add credits to keep using ZeroGPU. $1 for 10 minutes of ZeroGPU inference - https://huggingface.co/settings/billing?add-credits=true', 'duration': 10, 'visible': True, 'title': 'ZeroGPU quota exceeded'}
[17/32] synthesizing abby-tts-9aa695be4f68a04da3c1: I found Rent Payment Assistance. The address is 1977 Front Street North East, Salem, Oregon. ZIP code nine seven three zero one. You can call five zero three, five eight five, six six eight eight. Eligibility: Must have 72-hour eviction notice or be homeless. Other eligibility requirements based on available funding. Please confirm details before you go, since service availability can change.
[17/32] failed abby-tts-9aa695be4f68a04da3c1: IndexTTS queue failed: {'error': 'You have exceeded your Pro ZeroGPU quota (60s requested vs. 66s left). Try again in 16:23:41. Add credits to keep using ZeroGPU. $1 for 10 minutes of ZeroGPU inference - https://huggingface.co/settings/billing?add-credits=true', 'duration': 10, 'visible': True, 'title': 'ZeroGPU quota exceeded'}
[18/32] synthesizing abby-tts-9c4c24d693128b73f299: I found General Legal Aid. The address is 117 North East fifth Street Suite B, McMinnville, Oregon. ZIP code nine seven one two eight. You can call five zero three, four seven two, nine five six one. Another number is five zero three, six four zero, four one one five. Eligibility: Low-income individuals who are at or below one hundred twenty five percent of the federal poverty level. Please confirm details before you go, since service availability can change.
[18/32] failed abby-tts-9c4c24d693128b73f299: IndexTTS queue failed: {'error': 'You have exceeded your Pro ZeroGPU quota (60s requested vs. 66s left). Try again in 16:23:40. Add credits to keep using ZeroGPU. $1 for 10 minutes of ZeroGPU inference - https://huggingface.co/settings/billing?add-credits=true', 'duration': 10, 'visible': True, 'title': 'ZeroGPU quota exceeded'}
[19/32] synthesizing abby-tts-9cd3a650503aee2bb68b: I found Cascades West Ride Line. The address is 1400 Queen Avenue South East Suite 201, Albany, Oregon. ZIP code nine seven three two two. You can call five four one, nine two four, eight seven three eight. Another number is five four one, nine six seven, eight six three zero. Eligibility: Eligible Oregon Health Plan (OHP) Medicaid clients and InterCommunity Health Network Coordinated Care Organization members that have been qualified and appear in Cascades West. More eligibility details may be in the service details.
[19/32] failed abby-tts-9cd3a650503aee2bb68b: IndexTTS queue failed: {'error': 'You have exceeded your Pro ZeroGPU quota (60s requested vs. 66s left). Try again in 16:23:39. Add credits to keep using ZeroGPU. $1 for 10 minutes of ZeroGPU inference - https://huggingface.co/settings/billing?add-credits=true', 'duration': 10, 'visible': True, 'title': 'ZeroGPU quota exceeded'}
[20/32] synthesizing abby-tts-9eaa6c26f2951b618ac8: I found Mental Health Evaluation for Veterans. Please confirm details before you go, since service availability can change.
[20/32] failed abby-tts-9eaa6c26f2951b618ac8: IndexTTS queue failed: {'error': 'You have exceeded your Pro ZeroGPU quota (60s requested vs. 66s left). Try again in 16:23:39. Add credits to keep using ZeroGPU. $1 for 10 minutes of ZeroGPU inference - https://huggingface.co/settings/billing?add-credits=true', 'duration': 10, 'visible': True, 'title': 'ZeroGPU quota exceeded'}
[21/32] synthesizing abby-tts-a1e329186cde2eeaa31a: I found Employment and Independent Living Services. The address is 475 Cottage Street North East Suite 120, Salem, Oregon. ZIP code nine seven three zero one. You can call five zero three, seven five one, two three four six. Another number is nine seven one, four four six, one eight two nine. Eligibility: Deaf, DeafBlind, and Hard of Hearing individuals. Please confirm details before you go, since service availability can change.
[21/32] failed abby-tts-a1e329186cde2eeaa31a: IndexTTS queue failed: {'error': 'You have exceeded your Pro ZeroGPU quota (60s requested vs. 66s left). Try again in 16:23:38. Add credits to keep using ZeroGPU. $1 for 10 minutes of ZeroGPU inference - https://huggingface.co/settings/billing?add-credits=true', 'duration': 10, 'visible': True, 'title': 'ZeroGPU quota exceeded'}
[22/32] synthesizing abby-tts-a26cd6ceefee4708dbf0: I found City of Hillsboro, Cornelius, and Sherwood Water Bill Verification Assistance. The address is 1440 South East twenty first Avenue, Hillsboro, Oregon. ZIP code nine seven one two three. You can call five zero three, six four zero, four three one one. Eligibility: Must meet income guidelines City of Cornelius bill relief program will help with up to 2 bills not to exceed three hundred dollars in 12-month period City of Hillsboro water. More eligibility details may be in the service details.
[22/32] failed abby-tts-a26cd6ceefee4708dbf0: IndexTTS queue failed: {'error': 'You have exceeded your Pro ZeroGPU quota (60s requested vs. 66s left). Try again in 16:23:37. Add credits to keep using ZeroGPU. $1 for 10 minutes of ZeroGPU inference - https://huggingface.co/settings/billing?add-credits=true', 'duration': 10, 'visible': True, 'title': 'ZeroGPU quota exceeded'}
[23/32] synthesizing abby-tts-a3d372f7b3d8fa47f2f0: I found Job Connection. You can call five four one, eight eight seven, eight four nine five. Eligibility is unrestricted. Please confirm details before you go, since service availability can change.
[23/32] failed abby-tts-a3d372f7b3d8fa47f2f0: IndexTTS queue failed: {'error': 'You have exceeded your Pro ZeroGPU quota (60s requested vs. 66s left). Try again in 16:23:37. Add credits to keep using ZeroGPU. $1 for 10 minutes of ZeroGPU inference - https://huggingface.co/settings/billing?add-credits=true', 'duration': 10, 'visible': True, 'title': 'ZeroGPU quota exceeded'}
[24/32] synthesizing abby-tts-a71687248968db465b87: I found Child Care Licensing Division. The address is 700 Summer Street North East Suite 350, Salem, Oregon. ZIP code nine seven three zero one. You can call eight zero zero, five five six, six six one six. Eligibility is unrestricted. Please confirm details before you go, since service availability can change.
[24/32] failed abby-tts-a71687248968db465b87: IndexTTS queue failed: {'error': 'You have exceeded your Pro ZeroGPU quota (60s requested vs. 66s left). Try again in 16:23:36. Add credits to keep using ZeroGPU. $1 for 10 minutes of ZeroGPU inference - https://huggingface.co/settings/billing?add-credits=true', 'duration': 10, 'visible': True, 'title': 'ZeroGPU quota exceeded'}
[25/32] synthesizing abby-tts-a7cc06c1be640c3d1ba2: I found Multnomah County Health Department Multnomah County Harm Reduction Clinic Harm Reduction Clinic. The address is 12425 North East Glisan Street, Portland, Oregon. ZIP code nine seven two three zero. You can call five zero three, nine eight eight, zero five seven seven. Eligibility: Primary focus is injection drug users, but anyone can request. Please confirm details before you go, since service availability can change.
[25/32] failed abby-tts-a7cc06c1be640c3d1ba2: IndexTTS queue failed: {'error': 'You have exceeded your Pro ZeroGPU quota (60s requested vs. 66s left). Try again in 16:23:36. Add credits to keep using ZeroGPU. $1 for 10 minutes of ZeroGPU inference - https://huggingface.co/settings/billing?add-credits=true', 'duration': 10, 'visible': True, 'title': 'ZeroGPU quota exceeded'}
[26/32] synthesizing abby-tts-aa549e9a874eca5c2b58: I found Housing Related Coordinated Entry for Homeless Veterans. Please confirm details before you go, since service availability can change.
[26/32] failed abby-tts-aa549e9a874eca5c2b58: IndexTTS queue failed: {'error': 'You have exceeded your Pro ZeroGPU quota (60s requested vs. 66s left). Try again in 16:23:35. Add credits to keep using ZeroGPU. $1 for 10 minutes of ZeroGPU inference - https://huggingface.co/settings/billing?add-credits=true', 'duration': 10, 'visible': True, 'title': 'ZeroGPU quota exceeded'}
[27/32] synthesizing abby-tts-ae620406cde235f97563: I found Senior Center. The address is 2331 High Lookee Warm Springs, Oregon. ZIP code nine seven seven six one. You can call five four one, five five three, three three one three. Eligibility: age sixty and older on the Warm Springs Reservation. Please confirm details before you go, since service availability can change.
[27/32] failed abby-tts-ae620406cde235f97563: IndexTTS queue failed: {'error': 'You have exceeded your Pro ZeroGPU quota (60s requested vs. 66s left). Try again in 16:23:34. Add credits to keep using ZeroGPU. $1 for 10 minutes of ZeroGPU inference - https://huggingface.co/settings/billing?add-credits=true', 'duration': 10, 'visible': True, 'title': 'ZeroGPU quota exceeded'}
[28/32] synthesizing abby-tts-afac2f4a0c61b3a8e2aa: I found Youth Shelters. Please confirm details before you go, since service availability can change.
[28/32] failed abby-tts-afac2f4a0c61b3a8e2aa: IndexTTS queue failed: {'error': 'You have exceeded your Pro ZeroGPU quota (60s requested vs. 66s left). Try again in 16:23:34. Add credits to keep using ZeroGPU. $1 for 10 minutes of ZeroGPU inference - https://huggingface.co/settings/billing?add-credits=true', 'duration': 10, 'visible': True, 'title': 'ZeroGPU quota exceeded'}
[29/32] synthesizing abby-tts-b1cd73bbbcfdc2b38138: I found Maslow Project Medford Jackson County Continuum of Care Screenings. The address is 500 Monroe Street, Medford, Oregon. ZIP code nine seven five zero one. There may be more locations in the service details. You can call five four one, six zero eight, six eight six eight. Another number is five zero three, five four two, two three five zero. Eligibility: Ages eighteen to twenty four, homeless or a history of housing instability, fleeing domestic violence, low income as defined by federal guidelines. More eligibility details may be in the service details.
[29/32] failed abby-tts-b1cd73bbbcfdc2b38138: IndexTTS queue failed: {'error': 'You have exceeded your Pro ZeroGPU quota (60s requested vs. 66s left). Try again in 16:23:33. Add credits to keep using ZeroGPU. $1 for 10 minutes of ZeroGPU inference - https://huggingface.co/settings/billing?add-credits=true', 'duration': 10, 'visible': True, 'title': 'ZeroGPU quota exceeded'}
[30/32] synthesizing abby-tts-b27911889badd084166c: I found Portland Public Schools Benson Polytechnic High School at Marshall Campus Pta. The address is 3905 South East ninety first Avenue, Portland, Oregon. ZIP code nine seven two six six. There may be more locations in the service details. You can call five zero three, nine one six, five one zero zero. Another number is five four one, two six seven, three one zero four. Eligibility: Ages zero to twenty one and their families who are experiencing homelessness. More eligibility details may be in the service details.
[30/32] failed abby-tts-b27911889badd084166c: IndexTTS queue failed: {'error': 'You have exceeded your Pro ZeroGPU quota (60s requested vs. 66s left). Try again in 16:23:33. Add credits to keep using ZeroGPU. $1 for 10 minutes of ZeroGPU inference - https://huggingface.co/settings/billing?add-credits=true', 'duration': 10, 'visible': True, 'title': 'ZeroGPU quota exceeded'}
[31/32] synthesizing abby-tts-b30412e9d64ed2b5e100: I found Dental Clinic. The address is 2725 South West Cedar Hills Boulevard Suite 200, Beaverton, Oregon. ZIP code nine seven zero zero five. Eligibility: Unrestricted, must meet income guidelines if applying for sliding scale fees. Please confirm details before you go, since service availability can change.
[31/32] failed abby-tts-b30412e9d64ed2b5e100: IndexTTS queue failed: {'error': 'You have exceeded your Pro ZeroGPU quota (60s requested vs. 66s left). Try again in 16:23:32. Add credits to keep using ZeroGPU. $1 for 10 minutes of ZeroGPU inference - https://huggingface.co/settings/billing?add-credits=true', 'duration': 10, 'visible': True, 'title': 'ZeroGPU quota exceeded'}
[32/32] synthesizing abby-tts-b6321bb4af3563d721bb: I found General Legal Aid. The address is 280 Liberty Street Suite 200, Salem, Oregon. ZIP code nine seven three zero one. You can call five zero three, four eight five, zero six nine six. Eligibility: Low-income individuals who are at or below one hundred twenty five percent of the federal poverty level. Please confirm details before you go, since service availability can change.
[32/32] failed abby-tts-b6321bb4af3563d721bb: IndexTTS queue failed: {'error': 'You have exceeded your Pro ZeroGPU quota (60s requested vs. 66s left). Try again in 16:23:31. Add credits to keep using ZeroGPU. $1 for 10 minutes of ZeroGPU inference - https://huggingface.co/settings/billing?add-credits=true', 'duration': 10, 'visible': True, 'title': 'ZeroGPU quota exceeded'}
Wrote /home/barberb/211-ai.github.io/docs/211_indextts_precompute_batches/batch-00002-offset-000064.json
Wrote /home/barberb/211-ai.github.io/wallet_interface/ui/public/assets/audio/precomputed/211-dag-indextts/manifest.json
[batch 3] offset=96 size=32 remaining=27222s
[1/32] synthesizing abby-tts-b95c38fa927d7083f97e: I found Saint Andrew Legal Clinic Portland Family Law Services. The address is 2950 South East Stark Street Suite 200, Portland, Oregon. ZIP code nine seven two one four. There may be more locations in the service details. You can call five zero three, two eight one, one five zero zero. Another number is five zero three, three seven eight, four four zero zero. Eligibility: None. Low-income households. Please confirm details before you go, since service availability can change.
[1/32] failed abby-tts-b95c38fa927d7083f97e: IndexTTS queue failed: {'error': 'You have exceeded your Pro ZeroGPU quota (60s requested vs. 66s left). Try again in 16:23:24. Add credits to keep using ZeroGPU. $1 for 10 minutes of ZeroGPU inference - https://huggingface.co/settings/billing?add-credits=true', 'duration': 10, 'visible': True, 'title': 'ZeroGPU quota exceeded'}
[2/32] synthesizing abby-tts-b9c02be1427945b385f4: I found Laundry Facilities. Please confirm details before you go, since service availability can change.
[2/32] failed abby-tts-b9c02be1427945b385f4: IndexTTS queue failed: {'error': 'You have exceeded your Pro ZeroGPU quota (60s requested vs. 66s left). Try again in 16:23:23. Add credits to keep using ZeroGPU. $1 for 10 minutes of ZeroGPU inference - https://huggingface.co/settings/billing?add-credits=true', 'duration': 10, 'visible': True, 'title': 'ZeroGPU quota exceeded'}
[3/32] synthesizing abby-tts-bfa8fd64503fe02351f3: I found Utility and Rent Assistance. The address is 2424 North Pacific Highway, Medford, Oregon. ZIP code nine seven five zero one. You can call five four one, seven seven two, three eight two eight, extension one. Eligibility: Varies by service and who have existing housing. Please confirm details before you go, since service availability can change.
[3/32] failed abby-tts-bfa8fd64503fe02351f3: IndexTTS queue failed: {'error': 'You have exceeded your Pro ZeroGPU quota (60s requested vs. 66s left). Try again in 16:23:22. Add credits to keep using ZeroGPU. $1 for 10 minutes of ZeroGPU inference - https://huggingface.co/settings/billing?add-credits=true', 'duration': 10, 'visible': True, 'title': 'ZeroGPU quota exceeded'}
[4/32] synthesizing abby-tts-c05683adc737caa6812c: I found Morrison Child and Family Services Salem. The address is 3857 Wolverine Street North East Suite 22, Salem, Oregon. ZIP code nine seven three zero five. There may be more locations in the service details. You can call five zero three, two five eight, four six eight five. Another number is five four one, seven five six, three one one one. Eligibility: Individuals and families with minor children in substance use disorder recovery. More eligibility details may be in the service details.
[4/32] failed abby-tts-c05683adc737caa6812c: IndexTTS queue failed: {'error': 'You have exceeded your Pro ZeroGPU quota (60s requested vs. 66s left). Try again in 16:23:22. Add credits to keep using ZeroGPU. $1 for 10 minutes of ZeroGPU inference - https://huggingface.co/settings/billing?add-credits=true', 'duration': 10, 'visible': True, 'title': 'ZeroGPU quota exceeded'}
[5/32] synthesizing abby-tts-c22dc63c2b556b8a7fa4: I found Care Facilities and Senior Housing. The address is 5240 North East Elam Young Parkway Suite 300, Hillsboro, Oregon. ZIP code nine seven one two four. You can call five zero three, eight four six, three zero six zero. Eligibility: Varies by service. Please confirm details before you go, since service availability can change.
[5/32] failed abby-tts-c22dc63c2b556b8a7fa4: IndexTTS queue failed: {'error': 'You have exceeded your Pro ZeroGPU quota (60s requested vs. 66s left). Try again in 16:23:21. Add credits to keep using ZeroGPU. $1 for 10 minutes of ZeroGPU inference - https://huggingface.co/settings/billing?add-credits=true', 'duration': 10, 'visible': True, 'title': 'ZeroGPU quota exceeded'}
[6/32] synthesizing abby-tts-c4d28729b16c52c3d3d0: I found Planned Parenthood of Southwestern Oregon Center Eugene-Springfield Health Center Oregon Reproductive Health Program Clinic. The address is 3579 Franklin Boulevard, Eugene, Oregon. ZIP code nine seven four zero three. There may be more locations in the service details. You can call five four one, three four four, nine four one one. Another number is five zero three, two two one, one eight seven zero. Eligibility is unrestricted. Women of any age. Please confirm details before you go, since service availability can change.
[6/32] failed abby-tts-c4d28729b16c52c3d3d0: IndexTTS queue failed: {'error': 'You have exceeded your Pro ZeroGPU quota (60s requested vs. 66s left). Try again in 16:23:21. Add credits to keep using ZeroGPU. $1 for 10 minutes of ZeroGPU inference - https://huggingface.co/settings/billing?add-credits=true', 'duration': 10, 'visible': True, 'title': 'ZeroGPU quota exceeded'}
[7/32] synthesizing abby-tts-c70001942b9c5f683cdc: For help finding child care, call two one one. Please confirm details before you go, since service availability can change.
[7/32] failed abby-tts-c70001942b9c5f683cdc: IndexTTS queue failed: {'error': 'You have exceeded your Pro ZeroGPU quota (60s requested vs. 66s left). Try again in 16:23:20. Add credits to keep using ZeroGPU. $1 for 10 minutes of ZeroGPU inference - https://huggingface.co/settings/billing?add-credits=true', 'duration': 10, 'visible': True, 'title': 'ZeroGPU quota exceeded'}
[8/32] synthesizing abby-tts-c96c9b8b81d8a9bf8fa1: I found Birth Certificates. The address is 800 North East Oregon Street, Portland, Oregon. ZIP code nine seven two three two. You can call nine seven one, six seven three, one two two two. Another number is nine seven one, six seven three, one two nine nine. Eligibility: Individuals experiencing homelessness who were born in Oregon. Please confirm details before you go, since service availability can change.
[8/32] failed abby-tts-c96c9b8b81d8a9bf8fa1: IndexTTS queue failed: {'error': 'You have exceeded your Pro ZeroGPU quota (60s requested vs. 66s left). Try again in 16:23:19. Add credits to keep using ZeroGPU. $1 for 10 minutes of ZeroGPU inference - https://huggingface.co/settings/billing?add-credits=true', 'duration': 10, 'visible': True, 'title': 'ZeroGPU quota exceeded'}
[9/32] synthesizing abby-tts-cb41195828cfd30ac4eb: I found Washington County Behavioral Health Hillsboro Recovery Center. The address is 4185 South West Research Way, Corvallis, Oregon. ZIP code nine seven three three three. You can call five zero three, eight four six, two two eight eight. Another number is five four one, seven six six, six eight three five. Eligibility: Ages 18 and younger. Ages zero to seventeen who are living with high level mental health needs. Please confirm details before you go, since service availability can change.
[9/32] failed abby-tts-cb41195828cfd30ac4eb: IndexTTS queue failed: {'error': 'You have exceeded your Pro ZeroGPU quota (60s requested vs. 66s left). Try again in 16:23:19. Add credits to keep using ZeroGPU. $1 for 10 minutes of ZeroGPU inference - https://huggingface.co/settings/billing?add-credits=true', 'duration': 10, 'visible': True, 'title': 'ZeroGPU quota exceeded'}
[10/32] synthesizing abby-tts-cf7cbfced72948aa1efd: I found Oregon Reproductive Health Program Clinic. The address is 2725 South West Cedar Hills Boulevard Suite 200, Beaverton, Oregon. ZIP code nine seven zero zero five. You can call five zero three, three five two, six zero zero zero. Eligibility: Individuals with an income below two hundred fifty percent federal poverty level. Please confirm details before you go, since service availability can change.
[10/32] failed abby-tts-cf7cbfced72948aa1efd: IndexTTS queue failed: {'error': 'You have exceeded your Pro ZeroGPU quota (60s requested vs. 66s left). Try again in 16:23:18. Add credits to keep using ZeroGPU. $1 for 10 minutes of ZeroGPU inference - https://huggingface.co/settings/billing?add-credits=true', 'duration': 10, 'visible': True, 'title': 'ZeroGPU quota exceeded'}
[11/32] synthesizing abby-tts-cfde5e124a6244b97f37: I found Discounted Internet Service. Please confirm details before you go, since service availability can change.
[11/32] failed abby-tts-cfde5e124a6244b97f37: IndexTTS queue failed: {'error': 'You have exceeded your Pro ZeroGPU quota (60s requested vs. 66s left). Try again in 16:23:18. Add credits to keep using ZeroGPU. $1 for 10 minutes of ZeroGPU inference - https://huggingface.co/settings/billing?add-credits=true', 'duration': 10, 'visible': True, 'title': 'ZeroGPU quota exceeded'}
[12/32] synthesizing abby-tts-d27da5fe5c087eb4a0e4: I found Overnight Winter Warming Shelter. The address is one six four three zero third Street, La Pine, Oregon. ZIP code nine seven seven three nine. You can call five four one, nine four eight, six six four nine. Eligibility: Adults age eighteen and older and families with children. Well behaved pets are welcome. pets must remain with owner. Please confirm details before you go, since service availability can change.
[12/32] failed abby-tts-d27da5fe5c087eb4a0e4: IndexTTS queue failed: {'error': 'You have exceeded your Pro ZeroGPU quota (60s requested vs. 66s left). Try again in 16:23:17. Add credits to keep using ZeroGPU. $1 for 10 minutes of ZeroGPU inference - https://huggingface.co/settings/billing?add-credits=true', 'duration': 10, 'visible': True, 'title': 'ZeroGPU quota exceeded'}
[13/32] synthesizing abby-tts-d565f603effdf5a7fef1: I found Sunnyside Shower Project Sunnyside Methodist Church Showers and Hygiene Services. The address is 3520 South East Yamhill Street, Portland, Oregon. ZIP code nine seven two one four. There may be more locations in the service details. You can call nine seven one, two zero two, one seven two one. Another number is five four one, two seven six, three four one eight. Eligibility: unrestricted. More eligibility details may be in the service details.
[13/32] failed abby-tts-d565f603effdf5a7fef1: IndexTTS queue failed: {'error': 'You have exceeded your Pro ZeroGPU quota (60s requested vs. 66s left). Try again in 16:23:16. Add credits to keep using ZeroGPU. $1 for 10 minutes of ZeroGPU inference - https://huggingface.co/settings/billing?add-credits=true', 'duration': 10, 'visible': True, 'title': 'ZeroGPU quota exceeded'}
[14/32] synthesizing abby-tts-d569b4780b6a8b6a690a: I found General Legal Aid. The address is 230 North East Second Avenue Suite F, Hillsboro, Oregon. ZIP code nine seven one two four. You can call five zero three, six four zero, four one one five. Another number is eight seven seven, two nine six, four zero seven six. Eligibility: Low-income individuals who are at or below one hundred twenty five percent of the federal poverty level. Please confirm details before you go, since service availability can change.
[14/32] failed abby-tts-d569b4780b6a8b6a690a: IndexTTS queue failed: {'error': 'You have exceeded your Pro ZeroGPU quota (60s requested vs. 66s left). Try again in 16:23:16. Add credits to keep using ZeroGPU. $1 for 10 minutes of ZeroGPU inference - https://huggingface.co/settings/billing?add-credits=true', 'duration': 10, 'visible': True, 'title': 'ZeroGPU quota exceeded'}
[15/32] synthesizing abby-tts-d92f935796644db908c3: I found Clackamas County Transition Center. The address is 2219 Kaen Road, Oregon City, Oregon. ZIP code nine seven zero four five. You can call five zero three, seven two two, six one nine nine. Eligibility: Adults with involvement in the criminal justice system. Please confirm details before you go, since service availability can change.
[15/32] failed abby-tts-d92f935796644db908c3: IndexTTS queue failed: {'error': 'You have exceeded your Pro ZeroGPU quota (60s requested vs. 66s left). Try again in 16:23:15. Add credits to keep using ZeroGPU. $1 for 10 minutes of ZeroGPU inference - https://huggingface.co/settings/billing?add-credits=true', 'duration': 10, 'visible': True, 'title': 'ZeroGPU quota exceeded'}
[16/32] synthesizing abby-tts-d940b7d415e956b16936: I found Emergency Rent Assistance Program. The address is 333 South East two hundred twenty third Avenue Suite 100, Gresham, Oregon. ZIP code nine seven zero three zero. You can call five zero three, six six nine, eight three five zero. Another number is five zero three, two three two, four four four eight. Eligibility: Must meet all of the following criteria: Be a resident of Multnomah County Be at substantial risk of experiencing homelessness Household income at or below sixty percent of area. More eligibility details may be in the service details.
[16/32] failed abby-tts-d940b7d415e956b16936: IndexTTS queue failed: {'error': 'You have exceeded your Pro ZeroGPU quota (60s requested vs. 66s left). Try again in 16:23:14. Add credits to keep using ZeroGPU. $1 for 10 minutes of ZeroGPU inference - https://huggingface.co/settings/billing?add-credits=true', 'duration': 10, 'visible': True, 'title': 'ZeroGPU quota exceeded'}
[17/32] synthesizing abby-tts-da436d36c0d448bea496: I found Plaza De Nuestra Comunidad Eugene Main Office Mobile Food Panty and Benefits Assistance. The address is 195 West twelfth Avenue, Eugene, Oregon. ZIP code nine seven four zero one. There may be more locations in the service details. You can call five four one, six eight seven, two six six seven. Another number is five zero three, three two five, four five four seven. Eligibility is unrestricted. Unrestricted. primary focus is Latino and immigrant population. Please confirm details before you go, since service availability can change.
[17/32] failed abby-tts-da436d36c0d448bea496: IndexTTS queue failed: {'error': 'You have exceeded your Pro ZeroGPU quota (60s requested vs. 66s left). Try again in 16:23:14. Add credits to keep using ZeroGPU. $1 for 10 minutes of ZeroGPU inference - https://huggingface.co/settings/billing?add-credits=true', 'duration': 10, 'visible': True, 'title': 'ZeroGPU quota exceeded'}
[18/32] synthesizing abby-tts-dbbba18f0980093a812f: I found ID Project. The address is 1132 South West thirteenth Avenue, Portland, Oregon. ZIP code nine seven two zero five. You can call five zero three, five three five, three eight two eight. Eligibility: People who identify as transgender or gender-nonconforming. Please confirm details before you go, since service availability can change.
[18/32] failed abby-tts-dbbba18f0980093a812f: IndexTTS queue failed: {'error': 'You have exceeded your Pro ZeroGPU quota (60s requested vs. 66s left). Try again in 16:23:13. Add credits to keep using ZeroGPU. $1 for 10 minutes of ZeroGPU inference - https://huggingface.co/settings/billing?add-credits=true', 'duration': 10, 'visible': True, 'title': 'ZeroGPU quota exceeded'}
[19/32] synthesizing abby-tts-dc24340286dc4d95f6d2: I found Immigration Legal Aid. The address is 512 North first Street, Silverton, Oregon. ZIP code nine seven three eight one. You can call five zero three, eight seven three, seven one one four. Eligibility: Income should not exceed the HHS Poverty Guidelines for Fee Waiver Request (USCIS Form I-912P). Please confirm details before you go, since service availability can change.
[19/32] failed abby-tts-dc24340286dc4d95f6d2: IndexTTS queue failed: {'error': 'You have exceeded your Pro ZeroGPU quota (60s requested vs. 66s left). Try again in 16:23:13. Add credits to keep using ZeroGPU. $1 for 10 minutes of ZeroGPU inference - https://huggingface.co/settings/billing?add-credits=true', 'duration': 10, 'visible': True, 'title': 'ZeroGPU quota exceeded'}
[20/32] synthesizing abby-tts-ddb68abd2ae003bd0adc: I found Financial Resources and Tax Season: Support for Every Oregonian. Please confirm details before you go, since service availability can change.
[20/32] failed abby-tts-ddb68abd2ae003bd0adc: IndexTTS queue failed: {'error': 'You have exceeded your Pro ZeroGPU quota (60s requested vs. 66s left). Try again in 16:23:12. Add credits to keep using ZeroGPU. $1 for 10 minutes of ZeroGPU inference - https://huggingface.co/settings/billing?add-credits=true', 'duration': 10, 'visible': True, 'title': 'ZeroGPU quota exceeded'}
[21/32] synthesizing abby-tts-e04118d9b42ea3d0d5b5: I found SNAP Faq How to Protect the EBT Card. The address is 3520 Frontage Road, Reedsport, Oregon. ZIP code nine seven four six seven. There may be more locations in the service details. You can call eight five five, three two eight, six seven one five. Another number is five four one, two seven one, nine seven zero zero. Eligibility: Varies by program. More eligibility details may be in the service details.
[21/32] failed abby-tts-e04118d9b42ea3d0d5b5: IndexTTS queue failed: {'error': 'You have exceeded your Pro ZeroGPU quota (60s requested vs. 66s left). Try again in 16:23:11. Add credits to keep using ZeroGPU. $1 for 10 minutes of ZeroGPU inference - https://huggingface.co/settings/billing?add-credits=true', 'duration': 10, 'visible': True, 'title': 'ZeroGPU quota exceeded'}
[22/32] synthesizing abby-tts-e081f47abca8f46441ce: I found a likely two one one match. I can give the phone number, location, or intake details.
[22/32] failed abby-tts-e081f47abca8f46441ce: IndexTTS queue failed: {'error': 'You have exceeded your Pro ZeroGPU quota (60s requested vs. 66s left). Try again in 16:23:11. Add credits to keep using ZeroGPU. $1 for 10 minutes of ZeroGPU inference - https://huggingface.co/settings/billing?add-credits=true', 'duration': 10, 'visible': True, 'title': 'ZeroGPU quota exceeded'}
[23/32] synthesizing abby-tts-e236470abcf4f052cb66: I found Native American Rehabilitation Association of the Northwest NARA NW Child and Family Services Gresham Child. The address is 620 North East second Street, Gresham, Oregon. ZIP code nine seven zero three zero. You can call five zero three, nine five three, six five nine eight. Eligibility: Wraparound care: Youth who identify as Native American Ages nine to twenty one. Other eligibility rules may apply. Please confirm details before you go, since service availability can change.
[23/32] failed abby-tts-e236470abcf4f052cb66: IndexTTS queue failed: {'error': 'You have exceeded your Pro ZeroGPU quota (60s requested vs. 66s left). Try again in 16:23:10. Add credits to keep using ZeroGPU. $1 for 10 minutes of ZeroGPU inference - https://huggingface.co/settings/billing?add-credits=true', 'duration': 10, 'visible': True, 'title': 'ZeroGPU quota exceeded'}
[24/32] synthesizing abby-tts-e282a96aade70369e3e5: I found Job Connection Program. The address is 11 West Jackson Street, Medford, Oregon. ZIP code nine seven five zero one. You can call five four one, seven seven two, three three zero zero. Eligibility is unrestricted. Please confirm details before you go, since service availability can change.
[24/32] failed abby-tts-e282a96aade70369e3e5: IndexTTS queue failed: {'error': 'You have exceeded your Pro ZeroGPU quota (60s requested vs. 66s left). Try again in 16:23:09. Add credits to keep using ZeroGPU. $1 for 10 minutes of ZeroGPU inference - https://huggingface.co/settings/billing?add-credits=true', 'duration': 10, 'visible': True, 'title': 'ZeroGPU quota exceeded'}
[25/32] synthesizing abby-tts-e3d33b19d62a3a08c08a: I found Food Pantry and Meals. The address is 8800 South East eightieth Avenue, Portland, Oregon. ZIP code nine seven two zero six. You can call five zero three, seven seven one, seven nine one four. Eligibility is unrestricted. Please confirm details before you go, since service availability can change.
[25/32] failed abby-tts-e3d33b19d62a3a08c08a: IndexTTS queue failed: {'error': 'You have exceeded your Pro ZeroGPU quota (60s requested vs. 66s left). Try again in 16:23:09. Add credits to keep using ZeroGPU. $1 for 10 minutes of ZeroGPU inference - https://huggingface.co/settings/billing?add-credits=true', 'duration': 10, 'visible': True, 'title': 'ZeroGPU quota exceeded'}
[26/32] synthesizing abby-tts-e51f0a06faede7246cce: I found Youth Era Eugene Drop Peer Plus Peer Delivered Services Training. The address is 44 West seventh Avenue, Eugene, Oregon. ZIP code nine seven four zero one. You can call five four one, two one four, six five one four. Eligibility is unrestricted. Please confirm details before you go, since service availability can change.
[26/32] failed abby-tts-e51f0a06faede7246cce: IndexTTS queue failed: {'error': 'You have exceeded your Pro ZeroGPU quota (60s requested vs. 66s left). Try again in 16:23:08. Add credits to keep using ZeroGPU. $1 for 10 minutes of ZeroGPU inference - https://huggingface.co/settings/billing?add-credits=true', 'duration': 10, 'visible': True, 'title': 'ZeroGPU quota exceeded'}
[27/32] synthesizing abby-tts-e8ac0fcc2c3f5976653e: I found Youth and Family Mental Health Services. The address is 1520 Plaza Street North West Suite 150, Salem, Oregon. ZIP code nine seven three zero four. You can call five zero three, five eight five, three zero one two. Another number is five zero three, six two three, nine two eight nine. Eligibility: age eighteen and younger. Please confirm details before you go, since service availability can change.
[27/32] failed abby-tts-e8ac0fcc2c3f5976653e: IndexTTS queue failed: {'error': 'You have exceeded your Pro ZeroGPU quota (60s requested vs. 66s left). Try again in 16:23:08. Add credits to keep using ZeroGPU. $1 for 10 minutes of ZeroGPU inference - https://huggingface.co/settings/billing?add-credits=true', 'duration': 10, 'visible': True, 'title': 'ZeroGPU quota exceeded'}
[28/32] synthesizing abby-tts-eb09b6f72774671c3e03: I found Union Gospel Mission of Salem Men's. You can call five zero three, three six two, three nine eight three. Eligibility: Men age eighteen and older and men age eighteen and older with minor children who are homeless. Please confirm details before you go, since service availability can change.
[28/32] failed abby-tts-eb09b6f72774671c3e03: IndexTTS queue failed: {'error': 'You have exceeded your Pro ZeroGPU quota (60s requested vs. 66s left). Try again in 16:23:07. Add credits to keep using ZeroGPU. $1 for 10 minutes of ZeroGPU inference - https://huggingface.co/settings/billing?add-credits=true', 'duration': 10, 'visible': True, 'title': 'ZeroGPU quota exceeded'}
[29/32] synthesizing abby-tts-eb39df27de46eaeca7d3: I found Clackamas County Veterans Employment Program. The address is 821 Main Street, Oregon City, Oregon. ZIP code nine seven zero four five. You can call five zero three, six five zero, four six seven eight. Eligibility: Veterans who have served in a war, or have recently separated from service, have service-connected disabilities, or have significant barriers to employment. More eligibility details may be in the service details.
[29/32] failed abby-tts-eb39df27de46eaeca7d3: IndexTTS queue failed: {'error': 'You have exceeded your Pro ZeroGPU quota (60s requested vs. 66s left). Try again in 16:23:06. Add credits to keep using ZeroGPU. $1 for 10 minutes of ZeroGPU inference - https://huggingface.co/settings/billing?add-credits=true', 'duration': 10, 'visible': True, 'title': 'ZeroGPU quota exceeded'}
[30/32] synthesizing abby-tts-eb9f36181addd7c24579: I found Congregate Meals and Nutrition Sites for Native American Community. Please confirm details before you go, since service availability can change.
[30/32] failed abby-tts-eb9f36181addd7c24579: IndexTTS queue failed: {'error': 'You have exceeded your Pro ZeroGPU quota (60s requested vs. 66s left). Try again in 16:23:06. Add credits to keep using ZeroGPU. $1 for 10 minutes of ZeroGPU inference - https://huggingface.co/settings/billing?add-credits=true', 'duration': 10, 'visible': True, 'title': 'ZeroGPU quota exceeded'}
[31/32] synthesizing abby-tts-ec4179e8fa5474bc1f3e: I found Job Connections. The address is 1010 Green Acres Road, Eugene, Oregon. ZIP code nine seven four zero eight. You can call five four one, three four five, one eight zero one. Eligibility: Job Connections: Tuesday 1 PM to 4 PM and Wednesday 9 AM-noon. Please confirm details before you go, since service availability can change.
[31/32] failed abby-tts-ec4179e8fa5474bc1f3e: IndexTTS queue failed: {'error': 'You have exceeded your Pro ZeroGPU quota (60s requested vs. 66s left). Try again in 16:23:05. Add credits to keep using ZeroGPU. $1 for 10 minutes of ZeroGPU inference - https://huggingface.co/settings/billing?add-credits=true', 'duration': 10, 'visible': True, 'title': 'ZeroGPU quota exceeded'}
[32/32] synthesizing abby-tts-ec7403ed56cb6720afa8: I found Gsm Beaverton Groups and Classes. The address is 7929 South West Cirrus Drive, Beaverton, Oregon. ZIP code nine seven zero zero eight. You can call five zero three, six four four, two three three nine. Eligibility is unrestricted. Please confirm details before you go, since service availability can change.
[32/32] failed abby-tts-ec7403ed56cb6720afa8: IndexTTS queue failed: {'error': 'You have exceeded your Pro ZeroGPU quota (60s requested vs. 66s left). Try again in 16:23:04. Add credits to keep using ZeroGPU. $1 for 10 minutes of ZeroGPU inference - https://huggingface.co/settings/billing?add-credits=true', 'duration': 10, 'visible': True, 'title': 'ZeroGPU quota exceeded'}
Wrote /home/barberb/211-ai.github.io/docs/211_indextts_precompute_batches/batch-00003-offset-000096.json
Wrote /home/barberb/211-ai.github.io/wallet_interface/ui/public/assets/audio/precomputed/211-dag-indextts/manifest.json
[batch 4] offset=128 size=32 remaining=27195s
[1/14] synthesizing abby-tts-ed970a83e87cb0e33d78: I found Willamette Family Inc Buckley Center Buckley Sobering and Detox Services. The address is 640 West seventh Avenue, Eugene, Oregon. ZIP code nine seven four zero two. There may be more locations in the service details. You can call five four one, seven six two, four five seven five. Another number is five four one, seven seven six, seven zero eight six. Eligibility: age eighteen and older. age eighteen and older with no major medical problems that need to be addressed in a hospital setting. Please confirm details before you go, since service availability can change.
[1/14] failed abby-tts-ed970a83e87cb0e33d78: IndexTTS queue failed: {'error': 'You have exceeded your Pro ZeroGPU quota (60s requested vs. 66s left). Try again in 16:22:57. Add credits to keep using ZeroGPU. $1 for 10 minutes of ZeroGPU inference - https://huggingface.co/settings/billing?add-credits=true', 'duration': 10, 'visible': True, 'title': 'ZeroGPU quota exceeded'}
[2/14] synthesizing abby-tts-ed9986f46a4101cceb8b: I found How to Protect the EBT Card and SNAP Benefits. You can call eight five five, three two eight, six seven one five. Please confirm details before you go, since service availability can change.
[2/14] failed abby-tts-ed9986f46a4101cceb8b: IndexTTS queue failed: {'error': 'You have exceeded your Pro ZeroGPU quota (60s requested vs. 66s left). Try again in 16:22:56. Add credits to keep using ZeroGPU. $1 for 10 minutes of ZeroGPU inference - https://huggingface.co/settings/billing?add-credits=true', 'duration': 10, 'visible': True, 'title': 'ZeroGPU quota exceeded'}
[3/14] synthesizing abby-tts-edb54abf8c8023162aba: I found Washington County Disability Aging and Veteran Services Options Counseling. The address is 5240 North East Elam Young Parkway Suite 300, Hillsboro, Oregon. ZIP code nine seven one two four, nine one one Country Club Road Suite 250, Eugene, Oregon. ZIP code nine seven four zero one. You can call five zero three, eight four six, three zero six zero. Another number is five four one, three four four, seven seven one two. Eligibility: Adults age eighteen and older with cognitive impairments, mental health challenges, brain injury, persons with complex health conditions, those who have been subject to financial. More eligibility details may be in the service details.
[3/14] failed abby-tts-edb54abf8c8023162aba: IndexTTS queue failed: {'error': 'You have exceeded your Pro ZeroGPU quota (60s requested vs. 66s left). Try again in 16:22:55. Add credits to keep using ZeroGPU. $1 for 10 minutes of ZeroGPU inference - https://huggingface.co/settings/billing?add-credits=true', 'duration': 10, 'visible': True, 'title': 'ZeroGPU quota exceeded'}
[4/14] synthesizing abby-tts-f011e35eeb06a7f0fa2a: I found Prosper Portland. The address is 220 North West second Avenue Suite 200, Portland, Oregon. ZIP code nine seven two zero nine. You can call five zero three, eight two three, three two zero zero. Another number is five zero three, eight two three, three three six eight. Eligibility: Varies by service. Please confirm details before you go, since service availability can change.
[4/14] failed abby-tts-f011e35eeb06a7f0fa2a: IndexTTS queue failed: {'error': 'You have exceeded your Pro ZeroGPU quota (60s requested vs. 66s left). Try again in 16:22:55. Add credits to keep using ZeroGPU. $1 for 10 minutes of ZeroGPU inference - https://huggingface.co/settings/billing?add-credits=true', 'duration': 10, 'visible': True, 'title': 'ZeroGPU quota exceeded'}
[5/14] synthesizing abby-tts-f18670dd8f392a4dd33c: I found Community Meals and Pantry. The address is 909 South West eleventh Avenue, Portland, Oregon. ZIP code nine seven two zero five. You can call five zero three, two two eight, seven four six five. Eligibility is unrestricted. Please confirm details before you go, since service availability can change.
[5/14] failed abby-tts-f18670dd8f392a4dd33c: IndexTTS queue failed: {'error': 'You have exceeded your Pro ZeroGPU quota (60s requested vs. 66s left). Try again in 16:22:54. Add credits to keep using ZeroGPU. $1 for 10 minutes of ZeroGPU inference - https://huggingface.co/settings/billing?add-credits=true', 'duration': 10, 'visible': True, 'title': 'ZeroGPU quota exceeded'}
[6/14] synthesizing abby-tts-f1fba7d2124c64786aa7: I found Options Counseling. The address is 5240 North East Elam Young Parkway Suite 300, Hillsboro, Oregon. ZIP code nine seven one two four. You can call five zero three, eight four six, three zero six zero, extension four. Eligibility: age sixty and older, adults with disabilities, veterans, and their family members or caregivers. Please confirm details before you go, since service availability can change.
[6/14] failed abby-tts-f1fba7d2124c64786aa7: IndexTTS queue failed: {'error': 'You have exceeded your Pro ZeroGPU quota (60s requested vs. 66s left). Try again in 16:22:54. Add credits to keep using ZeroGPU. $1 for 10 minutes of ZeroGPU inference - https://huggingface.co/settings/billing?add-credits=true', 'duration': 10, 'visible': True, 'title': 'ZeroGPU quota exceeded'}
[7/14] synthesizing abby-tts-f3ad06ec859579af8afc: I cannot safely answer this from the two one one service dataset. I would offer a live-agent handoff or direct two one one contact.
[7/14] failed abby-tts-f3ad06ec859579af8afc: IndexTTS queue failed: {'error': 'You have exceeded your Pro ZeroGPU quota (60s requested vs. 66s left). Try again in 16:22:53. Add credits to keep using ZeroGPU. $1 for 10 minutes of ZeroGPU inference - https://huggingface.co/settings/billing?add-credits=true', 'duration': 10, 'visible': True, 'title': 'ZeroGPU quota exceeded'}
[8/14] synthesizing abby-tts-f46398c9ede4f191b457: I found Washington County Disability Aging and Veteran Services Senior Health Insurance Benefits Assistance. The address is 5240 North East Elam Young Parkway Suite 300, Hillsboro, Oregon. ZIP code nine seven one two four, 1 West Main Street Suite 303, Medford, Oregon. ZIP code nine seven five zero one. You can call five zero three, eight four six, three zero nine four. Another number is five four one, eight five seven, seven seven eight zero. Eligibility: Individuals with Medicare and their family members or caregivers. Veterans or dependents of veterans, with a focus on those with disabilities. Please confirm details before you go, since service availability can change.
[8/14] failed abby-tts-f46398c9ede4f191b457: IndexTTS queue failed: {'error': 'You have exceeded your Pro ZeroGPU quota (60s requested vs. 66s left). Try again in 16:22:52. Add credits to keep using ZeroGPU. $1 for 10 minutes of ZeroGPU inference - https://huggingface.co/settings/billing?add-credits=true', 'duration': 10, 'visible': True, 'title': 'ZeroGPU quota exceeded'}
[9/14] synthesizing abby-tts-f5fe00ff0660333ca677: I found General Legal Aid. Please confirm details before you go, since service availability can change.
[9/14] failed abby-tts-f5fe00ff0660333ca677: IndexTTS queue failed: {'error': 'You have exceeded your Pro ZeroGPU quota (60s requested vs. 66s left). Try again in 16:22:52. Add credits to keep using ZeroGPU. $1 for 10 minutes of ZeroGPU inference - https://huggingface.co/settings/billing?add-credits=true', 'duration': 10, 'visible': True, 'title': 'ZeroGPU quota exceeded'}
[10/14] synthesizing abby-tts-f82220a97b91cb04c30e: I found Child Care Resource and Referral. The address is 363 A Street West, Vale, Oregon. ZIP code nine seven nine one eight. You can call four five eight, two one four, zero four nine seven. Another number is five four one, two zero three, zero three five seven. Eligibility is unrestricted. Please confirm details before you go, since service availability can change.
[10/14] failed abby-tts-f82220a97b91cb04c30e: IndexTTS queue failed: {'error': 'You have exceeded your Pro ZeroGPU quota (60s requested vs. 66s left). Try again in 16:22:51. Add credits to keep using ZeroGPU. $1 for 10 minutes of ZeroGPU inference - https://huggingface.co/settings/billing?add-credits=true', 'duration': 10, 'visible': True, 'title': 'ZeroGPU quota exceeded'}
[11/14] synthesizing abby-tts-f83961baa639387df9dc: I found Medical Detox and Clinically Managed Detox. You can call five four one, five two three, four zero four nine. Another number is five four one, four zero six, four three six three. Eligibility: Single-parent households with children Ages zero to six. Please confirm details before you go, since service availability can change.
[11/14] failed abby-tts-f83961baa639387df9dc: IndexTTS queue failed: {'error': 'You have exceeded your Pro ZeroGPU quota (60s requested vs. 66s left). Try again in 16:22:51. Add credits to keep using ZeroGPU. $1 for 10 minutes of ZeroGPU inference - https://huggingface.co/settings/billing?add-credits=true', 'duration': 10, 'visible': True, 'title': 'ZeroGPU quota exceeded'}
[12/14] synthesizing abby-tts-fbc6cf9023f89871d18c: I found Rent Assistance for Families with Children. The address is 8040 North East Sandy Boulevard Suite 200, Portland, Oregon. ZIP code nine seven two one three. You can call five zero three, two three four, two zero four eight. Another number is five zero three, two three five, nine three nine six. Eligibility: Families with children under age eighteen who are currently housed and an income level at or below fifty percent of Area Median Income (AMI) with an imminent risk of homelessness. More eligibility details may be in the service details.
[12/14] failed abby-tts-fbc6cf9023f89871d18c: IndexTTS queue failed: {'error': 'You have exceeded your Pro ZeroGPU quota (60s requested vs. 66s left). Try again in 16:22:50. Add credits to keep using ZeroGPU. $1 for 10 minutes of ZeroGPU inference - https://huggingface.co/settings/billing?add-credits=true', 'duration': 10, 'visible': True, 'title': 'ZeroGPU quota exceeded'}
[13/14] synthesizing abby-tts-fbf4703f78d48e4fcf1d: I found two one one Advocacy Day: Visiting the Oregon State Capitol. Please confirm details before you go, since service availability can change.
[13/14] failed abby-tts-fbf4703f78d48e4fcf1d: IndexTTS queue failed: {'error': 'You have exceeded your Pro ZeroGPU quota (60s requested vs. 66s left). Try again in 16:22:49. Add credits to keep using ZeroGPU. $1 for 10 minutes of ZeroGPU inference - https://huggingface.co/settings/billing?add-credits=true', 'duration': 10, 'visible': True, 'title': 'ZeroGPU quota exceeded'}
[14/14] synthesizing abby-tts-fd6de5cdd7883fa88f85: I do not have enough detail for that. Tell me your city or the exact program, or I can connect you to a person.
[14/14] failed abby-tts-fd6de5cdd7883fa88f85: IndexTTS queue failed: {'error': 'You have exceeded your Pro ZeroGPU quota (60s requested vs. 66s left). Try again in 16:22:49. Add credits to keep using ZeroGPU. $1 for 10 minutes of ZeroGPU inference - https://huggingface.co/settings/billing?add-credits=true', 'duration': 10, 'visible': True, 'title': 'ZeroGPU quota exceeded'}
Wrote /home/barberb/211-ai.github.io/docs/211_indextts_precompute_batches/batch-00004-offset-000128.json
Wrote /home/barberb/211-ai.github.io/wallet_interface/ui/public/assets/audio/precomputed/211-dag-indextts/manifest.json
Finished batch loop at offset 160/142; batches=5; failures=0
